ххх - ххх
1) блок
003 - editTable
004 - filterTableBar
005 - header
006 - logBlock
007 - login
008 - resetTimer
009 - sidebar
010 - userSettings
011 - authItems
012 - tableTemplate

2) действие
001 - сохранение новых данных
011 - сохренение изменённых данных
002 - удаление данных
003 - webix view element
004 - add/remove webix view
005 - router
006 - авторизация